Archive member included to satisfy reference by file (symbol)

/Volumes/SSD/Applications/STM32CubeIDE.app/Contents/Eclipse/plugins/com.st.stm32cube.ide.mcu.externaltools.gnu-tools-for-stm32.13.3.rel1.macos64_1.0.0.202411102158/tools/bin/../lib/gcc/arm-none-eabi/13.3.1/../../../../arm-none-eabi/lib/thumb/v7-m/nofp/libc_nano.a(libc_a-exit.o)
                              /Volumes/SSD/Applications/STM32CubeIDE.app/Contents/Eclipse/plugins/com.st.stm32cube.ide.mcu.externaltools.gnu-tools-for-stm32.13.3.rel1.macos64_1.0.0.202411102158/tools/bin/../lib/gcc/arm-none-eabi/13.3.1/../../../../arm-none-eabi/lib/thumb/v7-m/nofp/crt0.o (exit)
/Volumes/SSD/Applications/STM32CubeIDE.app/Contents/Eclipse/plugins/com.st.stm32cube.ide.mcu.externaltools.gnu-tools-for-stm32.13.3.rel1.macos64_1.0.0.202411102158/tools/bin/../lib/gcc/arm-none-eabi/13.3.1/../../../../arm-none-eabi/lib/thumb/v7-m/nofp/libc_nano.a(libc_a-findfp.o)
                              /Volumes/SSD/Applications/STM32CubeIDE.app/Contents/Eclipse/plugins/com.st.stm32cube.ide.mcu.externaltools.gnu-tools-for-stm32.13.3.rel1.macos64_1.0.0.202411102158/tools/bin/../lib/gcc/arm-none-eabi/13.3.1/../../../../arm-none-eabi/lib/thumb/v7-m/nofp/libc_nano.a(libc_a-exit.o) (__stdio_exit_handler)
/Volumes/SSD/Applications/STM32CubeIDE.app/Contents/Eclipse/plugins/com.st.stm32cube.ide.mcu.externaltools.gnu-tools-for-stm32.13.3.rel1.macos64_1.0.0.202411102158/tools/bin/../lib/gcc/arm-none-eabi/13.3.1/../../../../arm-none-eabi/lib/thumb/v7-m/nofp/libc_nano.a(libc_a-fwalk.o)
                              /Volumes/SSD/Applications/STM32CubeIDE.app/Contents/Eclipse/plugins/com.st.stm32cube.ide.mcu.externaltools.gnu-tools-for-stm32.13.3.rel1.macos64_1.0.0.202411102158/tools/bin/../lib/gcc/arm-none-eabi/13.3.1/../../../../arm-none-eabi/lib/thumb/v7-m/nofp/libc_nano.a(libc_a-findfp.o) (_fwalk_sglue)
/Volumes/SSD/Applications/STM32CubeIDE.app/Contents/Eclipse/plugins/com.st.stm32cube.ide.mcu.externaltools.gnu-tools-for-stm32.13.3.rel1.macos64_1.0.0.202411102158/tools/bin/../lib/gcc/arm-none-eabi/13.3.1/../../../../arm-none-eabi/lib/thumb/v7-m/nofp/libc_nano.a(libc_a-memset.o)
                              /Volumes/SSD/Applications/STM32CubeIDE.app/Contents/Eclipse/plugins/com.st.stm32cube.ide.mcu.externaltools.gnu-tools-for-stm32.13.3.rel1.macos64_1.0.0.202411102158/tools/bin/../lib/gcc/arm-none-eabi/13.3.1/../../../../arm-none-eabi/lib/thumb/v7-m/nofp/crt0.o (memset)
/Volumes/SSD/Applications/STM32CubeIDE.app/Contents/Eclipse/plugins/com.st.stm32cube.ide.mcu.externaltools.gnu-tools-for-stm32.13.3.rel1.macos64_1.0.0.202411102158/tools/bin/../lib/gcc/arm-none-eabi/13.3.1/../../../../arm-none-eabi/lib/thumb/v7-m/nofp/libc_nano.a(libc_a-errno.o)
                              ./Core/Src/syscalls.o (__errno)
/Volumes/SSD/Applications/STM32CubeIDE.app/Contents/Eclipse/plugins/com.st.stm32cube.ide.mcu.externaltools.gnu-tools-for-stm32.13.3.rel1.macos64_1.0.0.202411102158/tools/bin/../lib/gcc/arm-none-eabi/13.3.1/../../../../arm-none-eabi/lib/thumb/v7-m/nofp/libc_nano.a(libc_a-init.o)
                              /Volumes/SSD/Applications/STM32CubeIDE.app/Contents/Eclipse/plugins/com.st.stm32cube.ide.mcu.externaltools.gnu-tools-for-stm32.13.3.rel1.macos64_1.0.0.202411102158/tools/bin/../lib/gcc/arm-none-eabi/13.3.1/../../../../arm-none-eabi/lib/thumb/v7-m/nofp/crt0.o (__libc_init_array)
/Volumes/SSD/Applications/STM32CubeIDE.app/Contents/Eclipse/plugins/com.st.stm32cube.ide.mcu.externaltools.gnu-tools-for-stm32.13.3.rel1.macos64_1.0.0.202411102158/tools/bin/../lib/gcc/arm-none-eabi/13.3.1/../../../../arm-none-eabi/lib/thumb/v7-m/nofp/libc_nano.a(libc_a-lock.o)
                              /Volumes/SSD/Applications/STM32CubeIDE.app/Contents/Eclipse/plugins/com.st.stm32cube.ide.mcu.externaltools.gnu-tools-for-stm32.13.3.rel1.macos64_1.0.0.202411102158/tools/bin/../lib/gcc/arm-none-eabi/13.3.1/../../../../arm-none-eabi/lib/thumb/v7-m/nofp/libc_nano.a(libc_a-findfp.o) (__retarget_lock_init_recursive)
/Volumes/SSD/Applications/STM32CubeIDE.app/Contents/Eclipse/plugins/com.st.stm32cube.ide.mcu.externaltools.gnu-tools-for-stm32.13.3.rel1.macos64_1.0.0.202411102158/tools/bin/../lib/gcc/arm-none-eabi/13.3.1/../../../../arm-none-eabi/lib/thumb/v7-m/nofp/libc_nano.a(libc_a-impure.o)
                              /Volumes/SSD/Applications/STM32CubeIDE.app/Contents/Eclipse/plugins/com.st.stm32cube.ide.mcu.externaltools.gnu-tools-for-stm32.13.3.rel1.macos64_1.0.0.202411102158/tools/bin/../lib/gcc/arm-none-eabi/13.3.1/../../../../arm-none-eabi/lib/thumb/v7-m/nofp/libc_nano.a(libc_a-errno.o) (_impure_ptr)
/Volumes/SSD/Applications/STM32CubeIDE.app/Contents/Eclipse/plugins/com.st.stm32cube.ide.mcu.externaltools.gnu-tools-for-stm32.13.3.rel1.macos64_1.0.0.202411102158/tools/bin/../lib/gcc/arm-none-eabi/13.3.1/../../../../arm-none-eabi/lib/thumb/v7-m/nofp/libc_nano.a(libc_a-mallocr.o)
[...]
Memory Configuration

Name             Origin             Length             Attributes
RAM              0x20000000         0x00005000         xrw
FLASH            0x08000000         0x00010000         xr
*default*        0x00000000         0xffffffff

Linker script and memory map

LOAD /Volumes/SSD/Applications/STM32CubeIDE.app/Contents/Eclipse/plugins/com.st.stm32cube.ide.mcu.externaltools.gnu-tools-for-stm32.13.3.rel1.macos64_1.0.0.202411102158/tools/bin/../lib/gcc/arm-none-eabi/13.3.1/thumb/v7-m/nofp/crti.o
LOAD /Volumes/SSD/Applications/STM32CubeIDE.app/Contents/Eclipse/plugins/com.st.stm32cube.ide.mcu.externaltools.gnu-tools-for-stm32.13.3.rel1.macos64_1.0.0.202411102158/tools/bin/../lib/gcc/arm-none-eabi/13.3.1/thumb/v7-m/nofp/crtbegin.o
LOAD /Volumes/SSD/Applications/STM32CubeIDE.app/Contents/Eclipse/plugins/com.st.stm32cube.ide.mcu.externaltools.gnu-tools-for-stm32.13.3.rel1.macos64_1.0.0.202411102158/tools/bin/../lib/gcc/arm-none-eabi/13.3.1/../../../../arm-none-eabi/lib/thumb/v7-m/nofp/crt0.o
LOAD ./Core/Src/DFPLAYER_MINI.o
LOAD ./Core/Src/main.o
LOAD ./Core/Src/stm32f1xx_hal_msp.o
LOAD ./Core/Src/stm32f1xx_it.o
LOAD ./Core/Src/syscalls.o
LOAD ./Core/Src/sysmem.o
LOAD ./Core/Src/system_stm32f1xx.o
LOAD ./Core/Startup/startup_stm32f103c8tx.o
LOAD ./Drivers/STM32F1xx_HAL_Driver/Src/stm32f1xx_hal.o
LOAD ./Drivers/STM32F1xx_HAL_Driver/Src/stm32f1xx_hal_can.o
LOAD ./Drivers/STM32F1xx_HAL_Driver/Src/stm32f1xx_hal_cortex.o
LOAD ./Drivers/STM32F1xx_HAL_Driver/Src/stm32f1xx_hal_dma.o
LOAD ./Drivers/STM32F1xx_HAL_Driver/Src/stm32f1xx_hal_exti.o
LOAD ./Drivers/STM32F1xx_HAL_Driver/Src/stm32f1xx_hal_flash.o
LOAD ./Drivers/STM32F1xx_HAL_Driver/Src/stm32f1xx_hal_flash_ex.o
LOAD ./Drivers/STM32F1xx_HAL_Driver/Src/stm32f1xx_hal_gpio.o
LOAD ./Drivers/STM32F1xx_HAL_Driver/Src/stm32f1xx_hal_gpio_ex.o
LOAD ./Drivers/STM32F1xx_HAL_Driver/Src/stm32f1xx_hal_iwdg.o
LOAD ./Drivers/STM32F1xx_HAL_Driver/Src/stm32f1xx_hal_pwr.o
LOAD ./Drivers/STM32F1xx_HAL_Driver/Src/stm32f1xx_hal_rcc.o
LOAD ./Drivers/STM32F1xx_HAL_Driver/Src/stm32f1xx_hal_rcc_ex.o
LOAD ./Drivers/STM32F1xx_HAL_Driver/Src/stm32f1xx_hal_tim.o
LOAD ./Drivers/STM32F1xx_HAL_Driver/Src/stm32f1xx_hal_tim_ex.o
LOAD ./Drivers/STM32F1xx_HAL_Driver/Src/stm32f1xx_hal_uart.o
START GROUP
LOAD /Volumes/SSD/Applications/STM32CubeIDE.app/Contents/Eclipse/plugins/com.st.stm32cube.ide.mcu.externaltools.gnu-tools-for-stm32.13.3.rel1.macos64_1.0.0.202411102158/tools/bin/../lib/gcc/arm-none-eabi/13.3.1/../../../../arm-none-eabi/lib/thumb/v7-m/nofp/libc_nano.a
LOAD /Volumes/SSD/Applications/STM32CubeIDE.app/Contents/Eclipse/plugins/com.st.stm32cube.ide.mcu.externaltools.gnu-tools-for-stm32.13.3.rel1.macos64_1.0.0.202411102158/tools/bin/../lib/gcc/arm-none-eabi/13.3.1/../../../../arm-none-eabi/lib/thumb/v7-m/nofp/libm.a
END GROUP
START GROUP
LOAD /Volumes/SSD/Applications/STM32CubeIDE.app/Contents/Eclipse/plugins/com.st.stm32cube.ide.mcu.externaltools.gnu-tools-for-stm32.13.3.rel1.macos64_1.0.0.202411102158/tools/bin/../lib/gcc/arm-none-eabi/13.3.1/thumb/v7-m/nofp/libgcc.a
LOAD /Volumes/SSD/Applications/STM32CubeIDE.app/Contents/Eclipse/plugins/com.st.stm32cube.ide.mcu.externaltools.gnu-tools-for-stm32.13.3.rel1.macos64_1.0.0.202411102158/tools/bin/../lib/gcc/arm-none-eabi/13.3.1/../../../../arm-none-eabi/lib/thumb/v7-m/nofp/libc_nano.a
END GROUP
START GROUP
LOAD /Volumes/SSD/Applications/STM32CubeIDE.app/Contents/Eclipse/plugins/com.st.stm32cube.ide.mcu.externaltools.gnu-tools-for-stm32.13.3.rel1.macos64_1.0.0.202411102158/tools/bin/../lib/gcc/arm-none-eabi/13.3.1/thumb/v7-m/nofp/libgcc.a
LOAD /Volumes/SSD/Applications/STM32CubeIDE.app/Contents/Eclipse/plugins/com.st.stm32cube.ide.mcu.externaltools.gnu-tools-for-stm32.13.3.rel1.macos64_1.0.0.202411102158/tools/bin/../lib/gcc/arm-none-eabi/13.3.1/../../../../arm-none-eabi/lib/thumb/v7-m/nofp/libc_nano.a
LOAD /Volumes/SSD/Applications/STM32CubeIDE.app/Contents/Eclipse/plugins/com.st.stm32cube.ide.mcu.externaltools.gnu-tools-for-stm32.13.3.rel1.macos64_1.0.0.202411102158/tools/bin/../lib/gcc/arm-none-eabi/13.3.1/../../../../arm-none-eabi/lib/thumb/v7-m/nofp/libnosys.a
END GROUP
START GROUP
LOAD /Volumes/SSD/Applications/STM32CubeIDE.app/Contents/Eclipse/plugins/com.st.stm32cube.ide.mcu.externaltools.gnu-tools-for-stm32.13.3.rel1.macos64_1.0.0.202411102158/tools/bin/../lib/gcc/arm-none-eabi/13.3.1/thumb/v7-m/nofp/libgcc.a
LOAD /Volumes/SSD/Applications/STM32CubeIDE.app/Contents/Eclipse/plugins/com.st.stm32cube.ide.mcu.externaltools.gnu-tools-for-stm32.13.3.rel1.macos64_1.0.0.202411102158/tools/bin/../lib/gcc/arm-none-eabi/13.3.1/../../../../arm-none-eabi/lib/thumb/v7-m/nofp/libc_nano.a
LOAD /Volumes/SSD/Applications/STM32CubeIDE.app/Contents/Eclipse/plugins/com.st.stm32cube.ide.mcu.externaltools.gnu-tools-for-stm32.13.3.rel1.macos64_1.0.0.202411102158/tools/bin/../lib/gcc/arm-none-eabi/13.3.1/../../../../arm-none-eabi/lib/thumb/v7-m/nofp/libnosys.a
END GROUP
LOAD /Volumes/SSD/Applications/STM32CubeIDE.app/Contents/Eclipse/plugins/com.st.stm32cube.ide.mcu.externaltools.gnu-tools-for-stm32.13.3.rel1.macos64_1.0.0.202411102158/tools/bin/../lib/gcc/arm-none-eabi/13.3.1/thumb/v7-m/nofp/crtend.o
LOAD /Volumes/SSD/Applications/STM32CubeIDE.app/Contents/Eclipse/plugins/com.st.stm32cube.ide.mcu.externaltools.gnu-tools-for-stm32.13.3.rel1.macos64_1.0.0.202411102158/tools/bin/../lib/gcc/arm-none-eabi/13.3.1/thumb/v7-m/nofp/crtn.o
                0x20005000                        _estack = (ORIGIN (RAM) + LENGTH (RAM))
                0x00000200                        _Min_Heap_Size = 0x200
                0x00000400                        _Min_Stack_Size = 0x400

.isr_vector     0x08000000      0x10c
                0x08000000                        . = ALIGN (0x4)
 *(.isr_vector)
 .isr_vector    0x08000000      0x10c ./Core/Startup/startup_stm32f103c8tx.o
                0x08000000                g_pfnVectors
                0x0800010c                        . = ALIGN (0x4)

.text           0x0800010c     0x4860
                0x0800010c                        . = ALIGN (0x4)
 *(.text)
 .text          0x0800010c       0x40 /Volumes/SSD/Applications/STM32CubeIDE.app/Contents/Eclipse/plugins/com.st.stm32cube.ide.mcu.externaltools.gnu-tools-for-stm32.13.3.rel1.macos64_1.0.0.202411102158/tools/bin/../lib/gcc/arm-none-eabi/13.3.1/thumb/v7-m/nofp/crtbegin.o
 *(.text*)
 .text.Send_cmd
                0x0800014c       0x80 ./Core/Src/DFPLAYER_MINI.o
                0x0800014c                Send_cmd
 .text.DF_Init  0x080001cc       0x36 ./Core/Src/DFPLAYER_MINI.o
                0x080001cc                DF_Init
 .text.DF_Play  0x08000202       0x24 ./Core/Src/DFPLAYER_MINI.o
                0x08000202                DF_Play
 *fill*         0x08000226        0x2 
 .text.HAL_CAN_RxFifo0MsgPendingCallback
                0x08000228      0x2d0 ./Core/Src/main.o
                0x08000228                HAL_CAN_RxFifo0MsgPendingCallback
 .text.HAL_UARTEx_RxEventCallback
                0x080004f8       0x48 ./Core/Src/main.o
                0x080004f8                HAL_UARTEx_RxEventCallback
 .text.HAL_TIM_PeriodElapsedCallback
                0x08000540       0x2c ./Core/Src/main.o
                0x08000540                HAL_TIM_PeriodElapsedCallback
 .text.main     0x0800056c      0x2d0 ./Core/Src/main.o
                0x0800056c                main
 .text.SystemClock_Config
                0x0800083c       0x90 ./Core/Src/main.o
                0x0800083c                SystemClock_Config
 .text.MX_CAN_Init
                0x080008cc       0x70 ./Core/Src/main.o
 .text.MX_IWDG_Init
                0x0800093c       0x34 ./Core/Src/main.o
 .text.MX_TIM3_Init
                0x08000970       0x9c ./Core/Src/main.o
 .text.MX_USART2_UART_Init
                0x08000a0c       0x54 ./Core/Src/main.o
 .text.MX_DMA_Init
                0x08000a60       0x3c ./Core/Src/main.o
 .text.MX_GPIO_Init
                0x08000a9c       0x98 ./Core/Src/main.o
 .text.Set_speed_can
                0x08000b34      0x180 ./Core/Src/main.o
                0x08000b34                Set_speed_can
 .text.speaker_floor
                0x08000cb4       0x74 ./Core/Src/main.o
                0x08000cb4                speaker_floor
 .text.speaker_push_button
                0x08000d28       0xb2 ./Core/Src/main.o
                0x08000d28                speaker_push_button
 .text.Error_Handler
                0x08000dda        0xc ./Core/Src/main.o
                0x08000dda                Error_Handler
 *fill*         0x08000de6        0x2 
 .text.HAL_MspInit
                0x08000de8       0x64 ./Core/Src/stm32f1xx_hal_msp.o
                0x08000de8                HAL_MspInit
 .text.HAL_CAN_MspInit
                0x08000e4c       0xa8 ./Core/Src/stm32f1xx_hal_msp.o
                0x08000e4c                HAL_CAN_MspInit
 .text.HAL_TIM_Base_MspInit
                0x08000ef4       0x4c ./Core/Src/stm32f1xx_hal_msp.o
                0x08000ef4                HAL_TIM_Base_MspInit
 .text.HAL_UART_MspInit
                0x08000f40       0xf8 ./Core/Src/stm32f1xx_hal_msp.o
                0x08000f40                HAL_UART_MspInit
 .text.NMI_Handler
                0x08001038        0x8 ./Core/Src/stm32f1xx_it.o
                0x08001038                NMI_Handler
 .text.HardFault_Handler
                0x08001040        0x8 ./Core/Src/stm32f1xx_it.o
                0x08001040                HardFault_Handler
 .text.MemManage_Handler
                0x08001048        0x8 ./Core/Src/stm32f1xx_it.o
                0x08001048                MemManage_Handler
 .text.BusFault_Handler
                0x08001050        0x8 ./Core/Src/stm32f1xx_it.o
                0x08001050                BusFault_Handler
 .text.UsageFault_Handler
                0x08001058        0x8 ./Core/Src/stm32f1xx_it.o
                0x08001058                UsageFault_Handler
 .text.SVC_Handler
                0x08001060        0xc ./Core/Src/stm32f1xx_it.o
                0x08001060                SVC_Handler
 .text.DebugMon_Handler
                0x0800106c        0xc ./Core/Src/stm32f1xx_it.o
                0x0800106c                DebugMon_Handler
 .text.PendSV_Handler
                0x08001078        0xc ./Core/Src/stm32f1xx_it.o
                0x08001078                PendSV_Handler
 .text.SysTick_Handler
                0x08001084        0xc ./Core/Src/stm32f1xx_it.o
                0x08001084                SysTick_Handler
 .text.DMA1_Channel6_IRQHandler
                0x08001090       0x14 ./Core/Src/stm32f1xx_it.o
                0x08001090                DMA1_Channel6_IRQHandler
 .text.USB_LP_CAN1_RX0_IRQHandler
                0x080010a4       0x14 ./Core/Src/stm32f1xx_it.o
                0x080010a4                USB_LP_CAN1_RX0_IRQHandler
 .text.TIM3_IRQHandler
                0x080010b8       0x14 ./Core/Src/stm32f1xx_it.o
                0x080010b8                TIM3_IRQHandler
 .text.USART2_IRQHandler
                0x080010cc       0x14 ./Core/Src/stm32f1xx_it.o
                0x080010cc                USART2_IRQHandler
 .text.SystemInit
                0x080010e0        0xc ./Core/Src/system_stm32f1xx.o
                0x080010e0                SystemInit
 .text.Reset_Handler
                0x080010ec       0x48 ./Core/Startup/startup_stm32f103c8tx.o
                0x080010ec                Reset_Handler
 .text.Default_Handler
                0x08001134        0x2 ./Core/Startup/startup_stm32f103c8tx.o
                0x08001134                USBWakeUp_IRQHandler
                0x08001134                EXTI2_IRQHandler
                0x08001134                TIM1_CC_IRQHandler
                0x08001134                PVD_IRQHandler
                0x08001134                EXTI3_IRQHandler
                0x08001134                EXTI0_IRQHandler
                0x08001134                I2C2_EV_IRQHandler
                0x08001134                ADC1_2_IRQHandler
                0x08001134                SPI1_IRQHandler
                0x08001134                TAMPER_IRQHandler
                0x08001134                DMA1_Channel4_IRQHandler
                0x08001134                USART3_IRQHandler
                0x08001134                RTC_IRQHandler
                0x08001134                DMA1_Channel7_IRQHandler
                0x08001134                CAN1_RX1_IRQHandler
                0x08001134                TIM4_IRQHandler
                0x08001134                I2C1_EV_IRQHandler
                0x08001134                RCC_IRQHandler
                0x08001134                TIM1_TRG_COM_IRQHandler
                0x08001134                DMA1_Channel1_IRQHandler
                0x08001134                Default_Handler
                0x08001134                EXTI15_10_IRQHandler
                0x08001134                EXTI9_5_IRQHandler
                0x08001134                SPI2_IRQHandler
                0x08001134                DMA1_Channel5_IRQHandler
                0x08001134                EXTI4_IRQHandler
                0x08001134                USB_HP_CAN1_TX_IRQHandler
                0x08001134                DMA1_Channel3_IRQHandler
                0x08001134                TIM1_UP_IRQHandler
                0x08001134                WWDG_IRQHandler
                0x08001134                TIM2_IRQHandler
                0x08001134                TIM1_BRK_IRQHandler
                0x08001134                EXTI1_IRQHandler
                0x08001134                I2C2_ER_IRQHandler
                0x08001134                DMA1_Channel2_IRQHandler
                0x08001134                CAN1_SCE_IRQHandler
                0x08001134                FLASH_IRQHandler
                0x08001134                USART1_IRQHandler
                0x08001134                I2C1_ER_IRQHandler
                0x08001134                RTC_Alarm_IRQHandler
 *fill*         0x08001136        0x2 
 .text.HAL_Init
                0x08001138       0x2c ./Drivers/STM32F1xx_HAL_Driver/Src/stm32f1xx_hal.o
                0x08001138                HAL_Init
 .text.HAL_InitTick
                0x08001164       0x60 ./Drivers/STM32F1xx_HAL_Driver/Src/stm32f1xx_hal.o
                0x08001164                HAL_InitTick
 .text.HAL_IncTick
                0x080011c4       0x24 ./Drivers/STM32F1xx_HAL_Driver/Src/stm32f1xx_hal.o
                0x080011c4                HAL_IncTick
 .text.HAL_GetTick
                0x080011e8       0x14 ./Drivers/STM32F1xx_HAL_Driver/Src/stm32f1xx_hal.o
                0x080011e8                HAL_GetTick
 .text.HAL_Delay
                0x080011fc       0x48 ./Drivers/STM32F1xx_HAL_Driver/Src/stm32f1xx_hal.o
                0x080011fc                HAL_Delay
 .text.HAL_CAN_Init
                0x08001244      0x1f6 ./Drivers/STM32F1xx_HAL_Driver/Src/stm32f1xx_hal_can.o
                0x08001244                HAL_CAN_Init
 .text.HAL_CAN_ConfigFilter
                0x0800143a      0x192 ./Drivers/STM32F1xx_HAL_Driver/Src/stm32f1xx_hal_can.o
                0x0800143a                HAL_CAN_ConfigFilter
 .text.HAL_CAN_Start
                0x080015cc       0x88 ./Drivers/STM32F1xx_HAL_Driver/Src/stm32f1xx_hal_can.o
                0x080015cc                HAL_CAN_Start
 .text.HAL_CAN_GetRxMessage
                0x08001654      0x242 ./Drivers/STM32F1xx_HAL_Driver/Src/stm32f1xx_hal_can.o
                0x08001654                HAL_CAN_GetRxMessage
 .text.HAL_CAN_ActivateNotification
                0x08001896       0x4a ./Drivers/STM32F1xx_HAL_Driver/Src/stm32f1xx_hal_can.o
                0x08001896                HAL_CAN_ActivateNotification
 .text.HAL_CAN_IRQHandler
                0x080018e0      0x36e ./Drivers/STM32F1xx_HAL_Driver/Src/stm32f1xx_hal_can.o
                0x080018e0                HAL_CAN_IRQHandler
 .text.HAL_CAN_TxMailbox0CompleteCallback
                0x08001c4e       0x12 ./Drivers/STM32F1xx_HAL_Driver/Src/stm32f1xx_hal_can.o
                0x08001c4e                HAL_CAN_TxMailbox0CompleteCallback
 .text.HAL_CAN_TxMailbox1CompleteCallback
                0x08001c60       0x12 ./Drivers/STM32F1xx_HAL_Driver/Src/stm32f1xx_hal_can.o
                0x08001c60                HAL_CAN_TxMailbox1CompleteCallback
 .text.HAL_CAN_TxMailbox2CompleteCallback
                0x08001c72       0x12 ./Drivers/STM32F1xx_HAL_Driver/Src/stm32f1xx_hal_can.o
                0x08001c72                HAL_CAN_TxMailbox2CompleteCallback
 .text.HAL_CAN_TxMailbox0AbortCallback
                0x08001c84       0x12 ./Drivers/STM32F1xx_HAL_Driver/Src/stm32f1xx_hal_can.o
                0x08001c84                HAL_CAN_TxMailbox0AbortCallback
 .text.HAL_CAN_TxMailbox1AbortCallback
                0x08001c96       0x12 ./Drivers/STM32F1xx_HAL_Driver/Src/stm32f1xx_hal_can.o
                0x08001c96                HAL_CAN_TxMailbox1AbortCallback
 .text.HAL_CAN_TxMailbox2AbortCallback
                0x08001ca8       0x12 ./Drivers/STM32F1xx_HAL_Driver/Src/stm32f1xx_hal_can.o
                0x08001ca8                HAL_CAN_TxMailbox2AbortCallback
 .text.HAL_CAN_RxFifo0FullCallback
                0x08001cba       0x12 ./Drivers/STM32F1xx_HAL_Driver/Src/stm32f1xx_hal_can.o
                0x08001cba                HAL_CAN_RxFifo0FullCallback
 .text.HAL_CAN_RxFifo1MsgPendingCallback
                0x08001ccc       0x12 ./Drivers/STM32F1xx_HAL_Driver/Src/stm32f1xx_hal_can.o
                0x08001ccc                HAL_CAN_RxFifo1MsgPendingCallback
 .text.HAL_CAN_RxFifo1FullCallback
                0x08001cde       0x12 ./Drivers/STM32F1xx_HAL_Driver/Src/stm32f1xx_hal_can.o
                0x08001cde                HAL_CAN_RxFifo1FullCallback
 .text.HAL_CAN_SleepCallback
                0x08001cf0       0x12 ./Drivers/STM32F1xx_HAL_Driver/Src/stm32f1xx_hal_can.o
                0x08001cf0                HAL_CAN_SleepCallback
 .text.HAL_CAN_WakeUpFromRxMsgCallback
                0x08001d02       0x12 ./Drivers/STM32F1xx_HAL_Driver/Src/stm32f1xx_hal_can.o
                0x08001d02                HAL_CAN_WakeUpFromRxMsgCallback
 .text.HAL_CAN_ErrorCallback
                0x08001d14       0x12 ./Drivers/STM32F1xx_HAL_Driver/Src/stm32f1xx_hal_can.o
                0x08001d14                HAL_CAN_ErrorCallback
 *fill*         0x08001d26        0x2 
 .text.__NVIC_SetPriorityGrouping
                0x08001d28       0x48 ./Drivers/STM32F1xx_HAL_Driver/Src/stm32f1xx_hal_cortex.o
 .text.__NVIC_GetPriorityGrouping
                0x08001d70       0x1c ./Drivers/STM32F1xx_HAL_Driver/Src/stm32f1xx_hal_cortex.o
 .text.__NVIC_EnableIRQ
                0x08001d8c       0x38 ./Drivers/STM32F1xx_HAL_Driver/Src/stm32f1xx_hal_cortex.o
 .text.__NVIC_SetPriority
                0x08001dc4       0x54 ./Drivers/STM32F1xx_HAL_Driver/Src/stm32f1xx_hal_cortex.o
 .text.NVIC_EncodePriority
                0x08001e18       0x64 ./Drivers/STM32F1xx_HAL_Driver/Src/stm32f1xx_hal_cortex.o
 .text.__NVIC_SystemReset
                0x08001e7c       0x2c ./Drivers/STM32F1xx_HAL_Driver/Src/stm32f1xx_hal_cortex.o
 .text.SysTick_Config
                0x08001ea8       0x44 ./Drivers/STM32F1xx_HAL_Driver/Src/stm32f1xx_hal_cortex.o
 .text.HAL_NVIC_SetPriorityGrouping
                0x08001eec       0x16 ./Drivers/STM32F1xx_HAL_Driver/Src/stm32f1xx_hal_cortex.o
                0x08001eec                HAL_NVIC_SetPriorityGrouping
 .text.HAL_NVIC_SetPriority
                0x08001f02       0x38 ./Drivers/STM32F1xx_HAL_Driver/Src/stm32f1xx_hal_cortex.o
                0x08001f02                HAL_NVIC_SetPriority
 .text.HAL_NVIC_EnableIRQ
                0x08001f3a       0x1c ./Drivers/STM32F1xx_HAL_Driver/Src/stm32f1xx_hal_cortex.o
                0x08001f3a                HAL_NVIC_EnableIRQ
 .text.HAL_NVIC_SystemReset
                0x08001f56        0x8 ./Drivers/STM32F1xx_HAL_Driver/Src/stm32f1xx_hal_cortex.o
                0x08001f56                HAL_NVIC_SystemReset
 .text.HAL_SYSTICK_Config
                0x08001f5e       0x18 ./Drivers/STM32F1xx_HAL_Driver/Src/stm32f1xx_hal_cortex.o
                0x08001f5e                HAL_SYSTICK_Config
 *fill*         0x08001f76        0x2 
 .text.HAL_DMA_Init
                0x08001f78       0xb4 ./Drivers/STM32F1xx_HAL_Driver/Src/stm32f1xx_hal_dma.o
                0x08001f78                HAL_DMA_Init
 .text.HAL_DMA_Start_IT
                0x0800202c       0xc0 ./Drivers/STM32F1xx_HAL_Driver/Src/stm32f1xx_hal_dma.o
                0x0800202c                HAL_DMA_Start_IT
 .text.HAL_DMA_Abort
                0x080020ec       0x76 ./Drivers/STM32F1xx_HAL_Driver/Src/stm32f1xx_hal_dma.o
                0x080020ec                HAL_DMA_Abort
 *fill*         0x08002162        0x2 
 .text.HAL_DMA_Abort_IT
                0x08002164       0xf0 ./Drivers/STM32F1xx_HAL_Driver/Src/stm32f1xx_hal_dma.o
                0x08002164                HAL_DMA_Abort_IT
 .text.HAL_DMA_IRQHandler
                0x08002254      0x20c ./Drivers/STM32F1xx_HAL_Driver/Src/stm32f1xx_hal_dma.o
                0x08002254                HAL_DMA_IRQHandler
 .text.DMA_SetConfig
                0x08002460       0x5a ./Drivers/STM32F1xx_HAL_Driver/Src/stm32f1xx_hal_dma.o
 *fill*         0x080024ba        0x2 
 .text.HAL_GPIO_Init
                0x080024bc      0x308 ./Drivers/STM32F1xx_HAL_Driver/Src/stm32f1xx_hal_gpio.o
                0x080024bc                HAL_GPIO_Init
 .text.HAL_GPIO_WritePin
                0x080027c4       0x30 ./Drivers/STM32F1xx_HAL_Driver/Src/stm32f1xx_hal_gpio.o
                0x080027c4                HAL_GPIO_WritePin
 .text.HAL_IWDG_Init
                0x080027f4       0x88 ./Drivers/STM32F1xx_HAL_Driver/Src/stm32f1xx_hal_iwdg.o
                0x080027f4                HAL_IWDG_Init
 .text.HAL_IWDG_Refresh
                0x0800287c       0x1e ./Drivers/STM32F1xx_HAL_Driver/Src/stm32f1xx_hal_iwdg.o
                0x0800287c                HAL_IWDG_Refresh
 *fill*         0x0800289a        0x2 
 .text.HAL_RCC_OscConfig
                0x0800289c      0x504 ./Drivers/STM32F1xx_HAL_Driver/Src/stm32f1xx_hal_rcc.o
                0x0800289c                HAL_RCC_OscConfig
 .text.HAL_RCC_ClockConfig
                0x08002da0      0x1d4 ./Drivers/STM32F1xx_HAL_Driver/Src/stm32f1xx_hal_rcc.o
                0x08002da0                HAL_RCC_ClockConfig
 .text.HAL_RCC_GetSysClockFreq
                0x08002f74       0xac ./Drivers/STM32F1xx_HAL_Driver/Src/stm32f1xx_hal_rcc.o
                0x08002f74                HAL_RCC_GetSysClockFreq
 .text.HAL_RCC_GetHCLKFreq
                0x08003020       0x14 ./Drivers/STM32F1xx_HAL_Driver/Src/stm32f1xx_hal_rcc.o
                0x08003020                HAL_RCC_GetHCLKFreq
 .text.HAL_RCC_GetPCLK1Freq
                0x08003034       0x28 ./Drivers/STM32F1xx_HAL_Driver/Src/stm32f1xx_hal_rcc.o
                0x08003034                HAL_RCC_GetPCLK1Freq
 .text.HAL_RCC_GetPCLK2Freq
                0x0800305c       0x28 ./Drivers/STM32F1xx_HAL_Driver/Src/stm32f1xx_hal_rcc.o
                0x0800305c                HAL_RCC_GetPCLK2Freq
 .text.RCC_Delay
                0x08003084       0x3c ./Drivers/STM32F1xx_HAL_Driver/Src/stm32f1xx_hal_rcc.o
 .text.HAL_TIM_Base_Init
                0x080030c0       0x9e ./Drivers/STM32F1xx_HAL_Driver/Src/stm32f1xx_hal_tim.o
                0x080030c0                HAL_TIM_Base_Init
 *fill*         0x0800315e        0x2 
 .text.HAL_TIM_Base_Start_IT
                0x08003160       0xa4 ./Drivers/STM32F1xx_HAL_Driver/Src/stm32f1xx_hal_tim.o
                0x08003160                HAL_TIM_Base_Start_IT
 .text.HAL_TIM_IRQHandler
                0x08003204      0x1e0 ./Drivers/STM32F1xx_HAL_Driver/Src/stm32f1xx_hal_tim.o
                0x08003204                HAL_TIM_IRQHandler
 .text.HAL_TIM_ConfigClockSource
                0x080033e4      0x18e ./Drivers/STM32F1xx_HAL_Driver/Src/stm32f1xx_hal_tim.o
                0x080033e4                HAL_TIM_ConfigClockSource
 .text.HAL_TIM_OC_DelayElapsedCallback
                0x08003572       0x12 ./Drivers/STM32F1xx_HAL_Driver/Src/stm32f1xx_hal_tim.o
                0x08003572                HAL_TIM_OC_DelayElapsedCallback
 .text.HAL_TIM_IC_CaptureCallback
                0x08003584       0x12 ./Drivers/STM32F1xx_HAL_Driver/Src/stm32f1xx_hal_tim.o
                0x08003584                HAL_TIM_IC_CaptureCallback
 .text.HAL_TIM_PWM_PulseFinishedCallback
                0x08003596       0x12 ./Drivers/STM32F1xx_HAL_Driver/Src/stm32f1xx_hal_tim.o
                0x08003596                HAL_TIM_PWM_PulseFinishedCallback
 .text.HAL_TIM_TriggerCallback
                0x080035a8       0x12 ./Drivers/STM32F1xx_HAL_Driver/Src/stm32f1xx_hal_tim.o
                0x080035a8                HAL_TIM_TriggerCallback
 *fill*         0x080035ba        0x2 
 .text.TIM_Base_SetConfig
                0x080035bc       0xdc ./Drivers/STM32F1xx_HAL_Driver/Src/stm32f1xx_hal_tim.o
                0x080035bc                TIM_Base_SetConfig
 .text.TIM_TI1_ConfigInputStage
                0x08003698       0x5c ./Drivers/STM32F1xx_HAL_Driver/Src/stm32f1xx_hal_tim.o
 .text.TIM_TI2_ConfigInputStage
                0x080036f4       0x5e ./Drivers/STM32F1xx_HAL_Driver/Src/stm32f1xx_hal_tim.o
 .text.TIM_ITRx_SetConfig
                0x08003752       0x34 ./Drivers/STM32F1xx_HAL_Driver/Src/stm32f1xx_hal_tim.o
 .text.TIM_ETR_SetConfig
                0x08003786       0x3e ./Drivers/STM32F1xx_HAL_Driver/Src/stm32f1xx_hal_tim.o
                0x08003786                TIM_ETR_SetConfig
 .text.HAL_TIMEx_MasterConfigSynchronization
                0x080037c4       0xbc ./Drivers/STM32F1xx_HAL_Driver/Src/stm32f1xx_hal_tim_ex.o
                0x080037c4                HAL_TIMEx_MasterConfigSynchronization
 .text.HAL_TIMEx_CommutCallback
                0x08003880       0x12 ./Drivers/STM32F1xx_HAL_Driver/Src/stm32f1xx_hal_tim_ex.o
                0x08003880                HAL_TIMEx_CommutCallback
 .text.HAL_TIMEx_BreakCallback
                0x08003892       0x12 ./Drivers/STM32F1xx_HAL_Driver/Src/stm32f1xx_hal_tim_ex.o
                0x08003892                HAL_TIMEx_BreakCallback
 .text.HAL_UART_Init
                0x080038a4       0xa0 ./Drivers/STM32F1xx_HAL_Driver/Src/stm32f1xx_hal_uart.o
                0x080038a4                HAL_UART_Init
 .text.HAL_UART_Transmit
                0x08003944      0x116 ./Drivers/STM32F1xx_HAL_Driver/Src/stm32f1xx_hal_uart.o
                0x08003944                HAL_UART_Transmit
 .text.HAL_UARTEx_ReceiveToIdle_DMA
                0x08003a5a       0xb2 ./Drivers/STM32F1xx_HAL_Driver/Src/stm32f1xx_hal_uart.o
                0x08003a5a                HAL_UARTEx_ReceiveToIdle_DMA
 .text.HAL_UART_IRQHandler
                0x08003b0c      0x524 ./Drivers/STM32F1xx_HAL_Driver/Src/stm32f1xx_hal_uart.o
                0x08003b0c                HAL_UART_IRQHandler
 .text.HAL_UART_TxCpltCallback
                0x08004030       0x12 ./Drivers/STM32F1xx_HAL_Driver/Src/stm32f1xx_hal_uart.o
                0x08004030                HAL_UART_TxCpltCallback
 .text.HAL_UART_RxCpltCallback
                0x08004042       0x12 ./Drivers/STM32F1xx_HAL_Driver/Src/stm32f1xx_hal_uart.o
                0x08004042                HAL_UART_RxCpltCallback
 .text.HAL_UART_RxHalfCpltCallback
                0x08004054       0x12 ./Drivers/STM32F1xx_HAL_Driver/Src/stm32f1xx_hal_uart.o
                0x08004054                HAL_UART_RxHalfCpltCallback
 .text.HAL_UART_ErrorCallback
                0x08004066       0x12 ./Drivers/STM32F1xx_HAL_Driver/Src/stm32f1xx_hal_uart.o
                0x08004066                HAL_UART_ErrorCallback
 .text.UART_DMAReceiveCplt
                0x08004078      0x12c ./Drivers/STM32F1xx_HAL_Driver/Src/stm32f1xx_hal_uart.o
 .text.UART_DMARxHalfCplt
                0x080041a4       0x3c ./Drivers/STM32F1xx_HAL_Driver/Src/stm32f1xx_hal_uart.o
 .text.UART_DMAError
                0x080041e0       0x94 ./Drivers/STM32F1xx_HAL_Driver/Src/stm32f1xx_hal_uart.o
 .text.UART_WaitOnFlagUntilTimeout
                0x08004274       0xb2 ./Drivers/STM32F1xx_HAL_Driver/Src/stm32f1xx_hal_uart.o
 *fill*         0x08004326        0x2 
 .text.UART_Start_Receive_DMA
                0x08004328      0x134 ./Drivers/STM32F1xx_HAL_Driver/Src/stm32f1xx_hal_uart.o
                0x08004328                UART_Start_Receive_DMA
 .text.UART_EndTxTransfer
                0x0800445c       0x4e ./Drivers/STM32F1xx_HAL_Driver/Src/stm32f1xx_hal_uart.o
 .text.UART_EndRxTransfer
                0x080044aa       0xc4 ./Drivers/STM32F1xx_HAL_Driver/Src/stm32f1xx_hal_uart.o
 .text.UART_DMAAbortOnError
                0x0800456e       0x28 ./Drivers/STM32F1xx_HAL_Driver/Src/stm32f1xx_hal_uart.o
 .text.UART_Transmit_IT
                0x08004596       0x9e ./Drivers/STM32F1xx_HAL_Driver/Src/stm32f1xx_hal_uart.o
 .text.UART_EndTransmit_IT
                0x08004634       0x30 ./Drivers/STM32F1xx_HAL_Driver/Src/stm32f1xx_hal_uart.o
 .text.UART_Receive_IT
                0x08004664      0x17c ./Drivers/STM32F1xx_HAL_Driver/Src/stm32f1xx_hal_uart.o
 .text.UART_SetConfig
                0x080047e0      0x11c ./Drivers/STM32F1xx_HAL_Driver/Src/stm32f1xx_hal_uart.o
 .text.memset   0x080048fc       0x10 /Volumes/SSD/Applications/STM32CubeIDE.app/Contents/Eclipse/plugins/com.st.stm32cube.ide.mcu.externaltools.gnu-tools-for-stm32.13.3.rel1.macos64_1.0.0.202411102158/tools/bin/../lib/gcc/arm-none-eabi/13.3.1/../../../../arm-none-eabi/lib/thumb/v7-m/nofp/libc_nano.a(libc_a-memset.o)
                0x080048fc                memset
 .text.__libc_init_array
                0x0800490c       0x48 /Volumes/SSD/Applications/STM32CubeIDE.app/Contents/Eclipse/plugins/com.st.stm32cube.ide.mcu.externaltools.gnu-tools-for-stm32.13.3.rel1.macos64_1.0.0.202411102158/tools/bin/../lib/gcc/arm-none-eabi/13.3.1/../../../../arm-none-eabi/lib/thumb/v7-m/nofp/libc_nano.a(libc_a-init.o)
                0x0800490c                __libc_init_array
 *(.glue_7)
 .glue_7        0x08004954        0x0 linker stubs
 *(.glue_7t)
 .glue_7t       0x08004954        0x0 linker stubs
 *(.eh_frame)
 .eh_frame      0x08004954        0x0 /Volumes/SSD/Applications/STM32CubeIDE.app/Contents/Eclipse/plugins/com.st.stm32cube.ide.mcu.externaltools.gnu-tools-for-stm32.13.3.rel1.macos64_1.0.0.202411102158/tools/bin/../lib/gcc/arm-none-eabi/13.3.1/thumb/v7-m/nofp/crtbegin.o
 *(.init)
 .init          0x08004954        0x4 /Volumes/SSD/Applications/STM32CubeIDE.app/Contents/Eclipse/plugins/com.st.stm32cube.ide.mcu.externaltools.gnu-tools-for-stm32.13.3.rel1.macos64_1.0.0.202411102158/tools/bin/../lib/gcc/arm-none-eabi/13.3.1/thumb/v7-m/nofp/crti.o
                0x08004954                _init
 .init          0x08004958        0x8 /Volumes/SSD/Applications/STM32CubeIDE.app/Contents/Eclipse/plugins/com.st.stm32cube.ide.mcu.externaltools.gnu-tools-for-stm32.13.3.rel1.macos64_1.0.0.202411102158/tools/bin/../lib/gcc/arm-none-eabi/13.3.1/thumb/v7-m/nofp/crtn.o
 *(.fini)
 .fini          0x08004960        0x4 /Volumes/SSD/Applications/STM32CubeIDE.app/Contents/Eclipse/plugins/com.st.stm32cube.ide.mcu.externaltools.gnu-tools-for-stm32.13.3.rel1.macos64_1.0.0.202411102158/tools/bin/../lib/gcc/arm-none-eabi/13.3.1/thumb/v7-m/nofp/crti.o
                0x08004960                _fini
 .fini          0x08004964        0x8 /Volumes/SSD/Applications/STM32CubeIDE.app/Contents/Eclipse/plugins/com.st.stm32cube.ide.mcu.externaltools.gnu-tools-for-stm32.13.3.rel1.macos64_1.0.0.202411102158/tools/bin/../lib/gcc/arm-none-eabi/13.3.1/thumb/v7-m/nofp/crtn.o
                0x0800496c                        . = ALIGN (0x4)
                0x0800496c                        _etext = .

.vfp11_veneer   0x0800496c        0x0
 .vfp11_veneer  0x0800496c        0x0 linker stubs

.v4_bx          0x0800496c        0x0
 .v4_bx         0x0800496c        0x0 linker stubs

.iplt           0x0800496c        0x0
 .iplt          0x0800496c        0x0 /Volumes/SSD/Applications/STM32CubeIDE.app/Contents/Eclipse/plugins/com.st.stm32cube.ide.mcu.externaltools.gnu-tools-for-stm32.13.3.rel1.macos64_1.0.0.202411102158/tools/bin/../lib/gcc/arm-none-eabi/13.3.1/thumb/v7-m/nofp/crtbegin.o

.rodata         0x0800496c       0x2c
                0x0800496c                        . = ALIGN (0x4)
 *(.rodata)
 *(.rodata*)
 .rodata.AHBPrescTable
                0x0800496c       0x10 ./Core/Src/system_stm32f1xx.o
                0x0800496c                AHBPrescTable
 .rodata.APBPrescTable
                0x0800497c        0x8 ./Core/Src/system_stm32f1xx.o
                0x0800497c                APBPrescTable
 .rodata.aPLLMULFactorTable.1
                0x08004984       0x10 ./Drivers/STM32F1xx_HAL_Driver/Src/stm32f1xx_hal_rcc.o
 .rodata.aPredivFactorTable.0
                0x08004994        0x2 ./Drivers/STM32F1xx_HAL_Driver/Src/stm32f1xx_hal_rcc.o
                0x08004998                        . = ALIGN (0x4)
 *fill*         0x08004996        0x2 

.ARM.extab      0x08004998        0x0
                0x08004998                        . = ALIGN (0x4)
 *(.ARM.extab* .gnu.linkonce.armextab.*)
                0x08004998                        . = ALIGN (0x4)

.ARM            0x08004998        0x0
                0x08004998                        . = ALIGN (0x4)
                0x08004998                        __exidx_start = .
 *(.ARM.exidx*)
                0x08004998                        __exidx_end = .
                0x08004998                        . = ALIGN (0x4)

.preinit_array  0x08004998        0x0
                0x08004998                        . = ALIGN (0x4)
                0x08004998                        PROVIDE (__preinit_array_start = .)
 *(.preinit_array*)
                0x08004998                        PROVIDE (__preinit_array_end = .)
                0x08004998                        . = ALIGN (0x4)

.init_array     0x08004998        0x4
                0x08004998                        . = ALIGN (0x4)
                0x08004998                        PROVIDE (__init_array_start = .)
 *(SORT_BY_NAME(.init_array.*))
 *(.init_array*)
 .init_array    0x08004998        0x4 /Volumes/SSD/Applications/STM32CubeIDE.app/Contents/Eclipse/plugins/com.st.stm32cube.ide.mcu.externaltools.gnu-tools-for-stm32.13.3.rel1.macos64_1.0.0.202411102158/tools/bin/../lib/gcc/arm-none-eabi/13.3.1/thumb/v7-m/nofp/crtbegin.o
                0x0800499c                        PROVIDE (__init_array_end = .)
                0x0800499c                        . = ALIGN (0x4)

.fini_array     0x0800499c        0x4
                0x0800499c                        . = ALIGN (0x4)
                [!provide]                        PROVIDE (__fini_array_start = .)
 *(SORT_BY_NAME(.fini_array.*))
 *(.fini_array*)
 .fini_array    0x0800499c        0x4 /Volumes/SSD/Applications/STM32CubeIDE.app/Contents/Eclipse/plugins/com.st.stm32cube.ide.mcu.externaltools.gnu-tools-for-stm32.13.3.rel1.macos64_1.0.0.202411102158/tools/bin/../lib/gcc/arm-none-eabi/13.3.1/thumb/v7-m/nofp/crtbegin.o
                [!provide]                        PROVIDE (__fini_array_end = .)
                0x080049a0                        . = ALIGN (0x4)
                0x080049a0                        _sidata = LOADADDR (.data)

.rel.dyn        0x080049a0        0x0
 .rel.iplt      0x080049a0        0x0 /Volumes/SSD/Applications/STM32CubeIDE.app/Contents/Eclipse/plugins/com.st.stm32cube.ide.mcu.externaltools.gnu-tools-for-stm32.13.3.rel1.macos64_1.0.0.202411102158/tools/bin/../lib/gcc/arm-none-eabi/13.3.1/thumb/v7-m/nofp/crtbegin.o

.data           0x20000000        0xc load address 0x080049a0
                0x20000000                        . = ALIGN (0x4)
                0x20000000                        _sdata = .
 *(.data)
 *(.data*)
 .data.SystemCoreClock
                0x20000000        0x4 ./Core/Src/system_stm32f1xx.o
                0x20000000                SystemCoreClock
 .data.uwTickPrio
                0x20000004        0x4 ./Drivers/STM32F1xx_HAL_Driver/Src/stm32f1xx_hal.o
                0x20000004                uwTickPrio
 .data.uwTickFreq
                0x20000008        0x1 ./Drivers/STM32F1xx_HAL_Driver/Src/stm32f1xx_hal.o
                0x20000008                uwTickFreq
 *(.RamFunc)
 *(.RamFunc*)
                0x2000000c                        . = ALIGN (0x4)
 *fill*         0x20000009        0x3 
                0x2000000c                        _edata = .

.igot.plt       0x2000000c        0x0 load address 0x080049ac
 .igot.plt      0x2000000c        0x0 /Volumes/SSD/Applications/STM32CubeIDE.app/Contents/Eclipse/plugins/com.st.stm32cube.ide.mcu.externaltools.gnu-tools-for-stm32.13.3.rel1.macos64_1.0.0.202411102158/tools/bin/../lib/gcc/arm-none-eabi/13.3.1/thumb/v7-m/nofp/crtbegin.o
                0x2000000c                        . = ALIGN (0x4)

.bss            0x2000000c      0x1b0 load address 0x080049ac
                0x2000000c                        _sbss = .
                0x2000000c                        __bss_start__ = _sbss
 *(.bss)
 .bss           0x2000000c       0x1c /Volumes/SSD/Applications/STM32CubeIDE.app/Contents/Eclipse/plugins/com.st.stm32cube.ide.mcu.externaltools.gnu-tools-for-stm32.13.3.rel1.macos64_1.0.0.202411102158/tools/bin/../lib/gcc/arm-none-eabi/13.3.1/thumb/v7-m/nofp/crtbegin.o
 *(.bss*)
 .bss.hcan      0x20000028       0x28 ./Core/Src/main.o
                0x20000028                hcan
 .bss.hiwdg     0x20000050        0xc ./Core/Src/main.o
                0x20000050                hiwdg
 .bss.htim3     0x2000005c       0x48 ./Core/Src/main.o
                0x2000005c                htim3
 .bss.huart2    0x200000a4       0x48 ./Core/Src/main.o
                0x200000a4                huart2
 .bss.hdma_usart2_rx
                0x200000ec       0x44 ./Core/Src/main.o
                0x200000ec                hdma_usart2_rx
 .bss.RxHeader  0x20000130       0x1c ./Core/Src/main.o
                0x20000130                RxHeader
 .bss.RxData    0x2000014c        0x8 ./Core/Src/main.o
                0x2000014c                RxData
 .bss.uart_data
                0x20000154       0x32 ./Core/Src/main.o
                0x20000154                uart_data
 .bss.oneFloor  0x20000186        0x1 ./Core/Src/main.o
                0x20000186                oneFloor
 .bss.tenFloor  0x20000187        0x1 ./Core/Src/main.o
                0x20000187                tenFloor
 .bss.floorNow  0x20000188        0x1 ./Core/Src/main.o
                0x20000188                floorNow
 .bss.speed     0x20000189        0x1 ./Core/Src/main.o
                0x20000189                speed
 *fill*         0x2000018a        0x2 
 .bss.speakerButton
                0x2000018c       0x14 ./Core/Src/main.o
                0x2000018c                speakerButton
 .bss.button    0x200001a0        0x3 ./Core/Src/main.o
                0x200001a0                button
 .bss.speakFloor
                0x200001a3        0x1 ./Core/Src/main.o
                0x200001a3                speakFloor
 .bss.speakDoorOpen
                0x200001a4        0x1 ./Core/Src/main.o
                0x200001a4                speakDoorOpen
 .bss.speakDoorClose
                0x200001a5        0x1 ./Core/Src/main.o
                0x200001a5                speakDoorClose
 .bss.speakDiriectionUp
                0x200001a6        0x1 ./Core/Src/main.o
                0x200001a6                speakDiriectionUp
 .bss.speakDirectionDown
                0x200001a7        0x1 ./Core/Src/main.o
                0x200001a7                speakDirectionDown
 .bss.speakFire
                0x200001a8        0x1 ./Core/Src/main.o
                0x200001a8                speakFire
 .bss.speakOverLoad
                0x200001a9        0x1 ./Core/Src/main.o
                0x200001a9                speakOverLoad
 .bss.isSpeakFloor
                0x200001aa        0x1 ./Core/Src/main.o
                0x200001aa                isSpeakFloor
 .bss.isSpeakDoorOpen
                0x200001ab        0x1 ./Core/Src/main.o
                0x200001ab                isSpeakDoorOpen
 .bss.isSpeakDoorClose
                0x200001ac        0x1 ./Core/Src/main.o
                0x200001ac                isSpeakDoorClose
 .bss.isSpeakDiriectionUp
                0x200001ad        0x1 ./Core/Src/main.o
                0x200001ad                isSpeakDiriectionUp
 .bss.isSpeakDirectionDown
                0x200001ae        0x1 ./Core/Src/main.o
                0x200001ae                isSpeakDirectionDown
 .bss.detect_speed
                0x200001af        0x1 ./Core/Src/main.o
                0x200001af                detect_speed
 .bss.read_speed
                0x200001b0        0x1 ./Core/Src/main.o
                0x200001b0                read_speed
 *fill*         0x200001b1        0x3 
 .bss.timer     0x200001b4        0x4 ./Core/Src/main.o
                0x200001b4                timer
 .bss.uwTick    0x200001b8        0x4 ./Drivers/STM32F1xx_HAL_Driver/Src/stm32f1xx_hal.o
                0x200001b8                uwTick
 *(COMMON)
                0x200001bc                        . = ALIGN (0x4)
                0x200001bc                        _ebss = .
                0x200001bc                        __bss_end__ = _ebss

._user_heap_stack
                0x200001bc      0x604 load address 0x080049ac
                0x200001c0                        . = ALIGN (0x8)
 *fill*         0x200001bc        0x4 
                [!provide]                        PROVIDE (end = .)
                0x200001c0                        PROVIDE (_end = .)
                0x200003c0                        . = (. + _Min_Heap_Size)
 *fill*         0x200001c0      0x200 
                0x200007c0                        . = (. + _Min_Stack_Size)
 *fill*         0x200003c0      0x400 
                0x200007c0                        . = ALIGN (0x8)

/DISCARD/
 libc.a(*)
 libm.a(*)
 libgcc.a(*)

.ARM.attributes
                0x00000000       0x29
 *(.ARM.attributes)
 .ARM.attributes
                0x00000000       0x1d /Volumes/SSD/Applications/STM32CubeIDE.app/Contents/Eclipse/plugins/com.st.stm32cube.ide.mcu.externaltools.gnu-tools-for-stm32.13.3.rel1.macos64_1.0.0.202411102158/tools/bin/../lib/gcc/arm-none-eabi/13.3.1/thumb/v7-m/nofp/crti.o
 .ARM.attributes
                0x0000001d       0x2d /Volumes/SSD/Applications/STM32CubeIDE.app/Contents/Eclipse/plugins/com.st.stm32cube.ide.mcu.externaltools.gnu-tools-for-stm32.13.3.rel1.macos64_1.0.0.202411102158/tools/bin/../lib/gcc/arm-none-eabi/13.3.1/thumb/v7-m/nofp/crtbegin.o
 .ARM.attributes
                0x0000004a       0x2d ./Core/Src/DFPLAYER_MINI.o
 .ARM.attributes
                0x00000077       0x2d ./Core/Src/main.o
 .ARM.attributes
                0x000000a4       0x2d ./Core/Src/stm32f1xx_hal_msp.o
 .ARM.attributes
                0x000000d1       0x2d ./Core/Src/stm32f1xx_it.o
 .ARM.attributes
                0x000000fe       0x2d ./Core/Src/system_stm32f1xx.o
 .ARM.attributes
                0x0000012b       0x21 ./Core/Startup/startup_stm32f103c8tx.o
 .ARM.attributes
                0x0000014c       0x2d ./Drivers/STM32F1xx_HAL_Driver/Src/stm32f1xx_hal.o
 .ARM.attributes
                0x00000179       0x2d ./Drivers/STM32F1xx_HAL_Driver/Src/stm32f1xx_hal_can.o
 .ARM.attributes
                0x000001a6       0x2d ./Drivers/STM32F1xx_HAL_Driver/Src/stm32f1xx_hal_cortex.o
 .ARM.attributes
                0x000001d3       0x2d ./Drivers/STM32F1xx_HAL_Driver/Src/stm32f1xx_hal_dma.o
 .ARM.attributes
                0x00000200       0x2d ./Drivers/STM32F1xx_HAL_Driver/Src/stm32f1xx_hal_gpio.o
 .ARM.attributes
                0x0000022d       0x2d ./Drivers/STM32F1xx_HAL_Driver/Src/stm32f1xx_hal_iwdg.o
 .ARM.attributes
                0x0000025a       0x2d ./Drivers/STM32F1xx_HAL_Driver/Src/stm32f1xx_hal_rcc.o
 .ARM.attributes
                0x00000287       0x2d ./Drivers/STM32F1xx_HAL_Driver/Src/stm32f1xx_hal_tim.o
 .ARM.attributes
                0x000002b4       0x2d ./Drivers/STM32F1xx_HAL_Driver/Src/stm32f1xx_hal_tim_ex.o
 .ARM.attributes
                0x000002e1       0x2d ./Drivers/STM32F1xx_HAL_Driver/Src/stm32f1xx_hal_uart.o
 .ARM.attributes
                0x0000030e       0x2d /Volumes/SSD/Applications/STM32CubeIDE.app/Contents/Eclipse/plugins/com.st.stm32cube.ide.mcu.externaltools.gnu-tools-for-stm32.13.3.rel1.macos64_1.0.0.202411102158/tools/bin/../lib/gcc/arm-none-eabi/13.3.1/../../../../arm-none-eabi/lib/thumb/v7-m/nofp/libc_nano.a(libc_a-memset.o)
 .ARM.attributes
                0x0000033b       0x2d /Volumes/SSD/Applications/STM32CubeIDE.app/Contents/Eclipse/plugins/com.st.stm32cube.ide.mcu.externaltools.gnu-tools-for-stm32.13.3.rel1.macos64_1.0.0.202411102158/tools/bin/../lib/gcc/arm-none-eabi/13.3.1/../../../../arm-none-eabi/lib/thumb/v7-m/nofp/libc_nano.a(libc_a-init.o)
 .ARM.attributes
                0x00000368       0x1d /Volumes/SSD/Applications/STM32CubeIDE.app/Contents/Eclipse/plugins/com.st.stm32cube.ide.mcu.externaltools.gnu-tools-for-stm32.13.3.rel1.macos64_1.0.0.202411102158/tools/bin/../lib/gcc/arm-none-eabi/13.3.1/thumb/v7-m/nofp/crtn.o
OUTPUT(M_VAM_EcoGreen.elf elf32-littlearm)
LOAD linker stubs
LOAD /Volumes/SSD/Applications/STM32CubeIDE.app/Contents/Eclipse/plugins/com.st.stm32cube.ide.mcu.externaltools.gnu-tools-for-stm32.13.3.rel1.macos64_1.0.0.202411102158/tools/bin/../lib/gcc/arm-none-eabi/13.3.1/../../../../arm-none-eabi/lib/thumb/v7-m/nofp/libc.a
LOAD /Volumes/SSD/Applications/STM32CubeIDE.app/Contents/Eclipse/plugins/com.st.stm32cube.ide.mcu.externaltools.gnu-tools-for-stm32.13.3.rel1.macos64_1.0.0.202411102158/tools/bin/../lib/gcc/arm-none-eabi/13.3.1/../../../../arm-none-eabi/lib/thumb/v7-m/nofp/libm.a
LOAD /Volumes/SSD/Applications/STM32CubeIDE.app/Contents/Eclipse/plugins/com.st.stm32cube.ide.mcu.externaltools.gnu-tools-for-stm32.13.3.rel1.macos64_1.0.0.202411102158/tools/bin/../lib/gcc/arm-none-eabi/13.3.1/thumb/v7-m/nofp/libgcc.a

.debug_info     0x00000000     0xe713
 .debug_info    0x00000000      0x779 ./Core/Src/DFPLAYER_MINI.o
 .debug_info    0x00000779     0x1a71 ./Core/Src/main.o
 .debug_info    0x000021ea     0x11e3 ./Core/Src/stm32f1xx_hal_msp.o
 .debug_info    0x000033cd      0xd4a ./Core/Src/stm32f1xx_it.o
 .debug_info    0x00004117      0x222 ./Core/Src/system_stm32f1xx.o
 .debug_info    0x00004339       0x30 ./Core/Startup/startup_stm32f103c8tx.o
 .debug_info    0x00004369      0x704 ./Drivers/STM32F1xx_HAL_Driver/Src/stm32f1xx_hal.o
 .debug_info    0x00004a6d      0xf13 ./Drivers/STM32F1xx_HAL_Driver/Src/stm32f1xx_hal_can.o
 .debug_info    0x00005980      0xa87 ./Drivers/STM32F1xx_HAL_Driver/Src/stm32f1xx_hal_cortex.o
 .debug_info    0x00006407      0x6d2 ./Drivers/STM32F1xx_HAL_Driver/Src/stm32f1xx_hal_dma.o
 .debug_info    0x00006ad9      0x5ab ./Drivers/STM32F1xx_HAL_Driver/Src/stm32f1xx_hal_gpio.o
 .debug_info    0x00007084      0x1d9 ./Drivers/STM32F1xx_HAL_Driver/Src/stm32f1xx_hal_iwdg.o
 .debug_info    0x0000725d      0x7d5 ./Drivers/STM32F1xx_HAL_Driver/Src/stm32f1xx_hal_rcc.o
 .debug_info    0x00007a32     0x2959 ./Drivers/STM32F1xx_HAL_Driver/Src/stm32f1xx_hal_tim.o
 .debug_info    0x0000a38b     0x149b ./Drivers/STM32F1xx_HAL_Driver/Src/stm32f1xx_hal_tim_ex.o
 .debug_info    0x0000b826     0x2eed ./Drivers/STM32F1xx_HAL_Driver/Src/stm32f1xx_hal_uart.o

.debug_abbrev   0x00000000     0x21d6
 .debug_abbrev  0x00000000      0x1ed ./Core/Src/DFPLAYER_MINI.o
 .debug_abbrev  0x000001ed      0x34e ./Core/Src/main.o
 .debug_abbrev  0x0000053b      0x28c ./Core/Src/stm32f1xx_hal_msp.o
 .debug_abbrev  0x000007c7      0x1f2 ./Core/Src/stm32f1xx_it.o
 .debug_abbrev  0x000009b9      0x13f ./Core/Src/system_stm32f1xx.o
 .debug_abbrev  0x00000af8       0x24 ./Core/Startup/startup_stm32f103c8tx.o
 .debug_abbrev  0x00000b1c      0x201 ./Drivers/STM32F1xx_HAL_Driver/Src/stm32f1xx_hal.o
 .debug_abbrev  0x00000d1d      0x21c ./Drivers/STM32F1xx_HAL_Driver/Src/stm32f1xx_hal_can.o
 .debug_abbrev  0x00000f39      0x2f8 ./Drivers/STM32F1xx_HAL_Driver/Src/stm32f1xx_hal_cortex.o
 .debug_abbrev  0x00001231      0x20b ./Drivers/STM32F1xx_HAL_Driver/Src/stm32f1xx_hal_dma.o
 .debug_abbrev  0x0000143c      0x1ca ./Drivers/STM32F1xx_HAL_Driver/Src/stm32f1xx_hal_gpio.o
 .debug_abbrev  0x00001606      0x12c ./Drivers/STM32F1xx_HAL_Driver/Src/stm32f1xx_hal_iwdg.o
 .debug_abbrev  0x00001732      0x2b3 ./Drivers/STM32F1xx_HAL_Driver/Src/stm32f1xx_hal_rcc.o
 .debug_abbrev  0x000019e5      0x277 ./Drivers/STM32F1xx_HAL_Driver/Src/stm32f1xx_hal_tim.o
 .debug_abbrev  0x00001c5c      0x282 ./Drivers/STM32F1xx_HAL_Driver/Src/stm32f1xx_hal_tim_ex.o
 .debug_abbrev  0x00001ede      0x2f8 ./Drivers/STM32F1xx_HAL_Driver/Src/stm32f1xx_hal_uart.o

.debug_aranges  0x00000000      0xdf8
 .debug_aranges
                0x00000000       0x60 ./Core/Src/DFPLAYER_MINI.o
 .debug_aranges
                0x00000060       0x90 ./Core/Src/main.o
 .debug_aranges
                0x000000f0       0x50 ./Core/Src/stm32f1xx_hal_msp.o
 .debug_aranges
                0x00000140       0x80 ./Core/Src/stm32f1xx_it.o
 .debug_aranges
                0x000001c0       0x28 ./Core/Src/system_stm32f1xx.o
 .debug_aranges
                0x000001e8       0x28 ./Core/Startup/startup_stm32f103c8tx.o
 .debug_aranges
                0x00000210       0xe0 ./Drivers/STM32F1xx_HAL_Driver/Src/stm32f1xx_hal.o
 .debug_aranges
                0x000002f0      0x138 ./Drivers/STM32F1xx_HAL_Driver/Src/stm32f1xx_hal_can.o
 .debug_aranges
                0x00000428      0x100 ./Drivers/STM32F1xx_HAL_Driver/Src/stm32f1xx_hal_cortex.o
 .debug_aranges
                0x00000528       0x80 ./Drivers/STM32F1xx_HAL_Driver/Src/stm32f1xx_hal_dma.o
 .debug_aranges
                0x000005a8       0x58 ./Drivers/STM32F1xx_HAL_Driver/Src/stm32f1xx_hal_gpio.o
 .debug_aranges
                0x00000600       0x28 ./Drivers/STM32F1xx_HAL_Driver/Src/stm32f1xx_hal_iwdg.o
 .debug_aranges
                0x00000628       0x90 ./Drivers/STM32F1xx_HAL_Driver/Src/stm32f1xx_hal_rcc.o
 .debug_aranges
                0x000006b8      0x3d0 ./Drivers/STM32F1xx_HAL_Driver/Src/stm32f1xx_hal_tim.o
 .debug_aranges
                0x00000a88      0x168 ./Drivers/STM32F1xx_HAL_Driver/Src/stm32f1xx_hal_tim_ex.o
 .debug_aranges
                0x00000bf0      0x208 ./Drivers/STM32F1xx_HAL_Driver/Src/stm32f1xx_hal_uart.o

.debug_rnglists
                0x00000000      0xae9
 .debug_rnglists
                0x00000000       0x45 ./Core/Src/DFPLAYER_MINI.o
 .debug_rnglists
                0x00000045       0x6e ./Core/Src/main.o
 .debug_rnglists
                0x000000b3       0x39 ./Core/Src/stm32f1xx_hal_msp.o
 .debug_rnglists
                0x000000ec       0x5b ./Core/Src/stm32f1xx_it.o
 .debug_rnglists
                0x00000147       0x1a ./Core/Src/system_stm32f1xx.o
 .debug_rnglists
                0x00000161       0x19 ./Core/Startup/startup_stm32f103c8tx.o
 .debug_rnglists
                0x0000017a       0xa3 ./Drivers/STM32F1xx_HAL_Driver/Src/stm32f1xx_hal.o
 .debug_rnglists
                0x0000021d       0xed ./Drivers/STM32F1xx_HAL_Driver/Src/stm32f1xx_hal_can.o
 .debug_rnglists
                0x0000030a       0xbb ./Drivers/STM32F1xx_HAL_Driver/Src/stm32f1xx_hal_cortex.o
 .debug_rnglists
                0x000003c5       0x64 ./Drivers/STM32F1xx_HAL_Driver/Src/stm32f1xx_hal_dma.o
 .debug_rnglists
                0x00000429       0x3f ./Drivers/STM32F1xx_HAL_Driver/Src/stm32f1xx_hal_gpio.o
 .debug_rnglists
                0x00000468       0x1a ./Drivers/STM32F1xx_HAL_Driver/Src/stm32f1xx_hal_iwdg.o
 .debug_rnglists
                0x00000482       0x6c ./Drivers/STM32F1xx_HAL_Driver/Src/stm32f1xx_hal_rcc.o
 .debug_rnglists
                0x000004ee      0x31a ./Drivers/STM32F1xx_HAL_Driver/Src/stm32f1xx_hal_tim.o
 .debug_rnglists
                0x00000808      0x125 ./Drivers/STM32F1xx_HAL_Driver/Src/stm32f1xx_hal_tim_ex.o
 .debug_rnglists
                0x0000092d      0x1bc ./Drivers/STM32F1xx_HAL_Driver/Src/stm32f1xx_hal_uart.o

.debug_macro    0x00000000    0x1832d
 .debug_macro   0x00000000      0x2dd ./Core/Src/DFPLAYER_MINI.o
 .debug_macro   0x000002dd      0xacc ./Core/Src/DFPLAYER_MINI.o
 .debug_macro   0x00000da9      0x22d ./Core/Src/DFPLAYER_MINI.o
 .debug_macro   0x00000fd6       0x2e ./Core/Src/DFPLAYER_MINI.o
 .debug_macro   0x00001004       0x22 ./Core/Src/DFPLAYER_MINI.o
 .debug_macro   0x00001026       0x22 ./Core/Src/DFPLAYER_MINI.o
 .debug_macro   0x00001048       0x8e ./Core/Src/DFPLAYER_MINI.o
 .debug_macro   0x000010d6       0x51 ./Core/Src/DFPLAYER_MINI.o
 .debug_macro   0x00001127      0x103 ./Core/Src/DFPLAYER_MINI.o
 .debug_macro   0x0000122a       0x6a ./Core/Src/DFPLAYER_MINI.o
 .debug_macro   0x00001294      0x1df ./Core/Src/DFPLAYER_MINI.o
 .debug_macro   0x00001473       0x1c ./Core/Src/DFPLAYER_MINI.o
 .debug_macro   0x0000148f       0x22 ./Core/Src/DFPLAYER_MINI.o
 .debug_macro   0x000014b1       0xbd ./Core/Src/DFPLAYER_MINI.o
 .debug_macro   0x0000156e      0xd23 ./Core/Src/DFPLAYER_MINI.o
 .debug_macro   0x00002291     0xe09e ./Core/Src/DFPLAYER_MINI.o
 .debug_macro   0x0001032f       0x6d ./Core/Src/DFPLAYER_MINI.o
 .debug_macro   0x0001039c     0x34a2 ./Core/Src/DFPLAYER_MINI.o
 .debug_macro   0x0001383e      0x190 ./Core/Src/DFPLAYER_MINI.o
 .debug_macro   0x000139ce       0x5c ./Core/Src/DFPLAYER_MINI.o
 .debug_macro   0x00013a2a      0x5bc ./Core/Src/DFPLAYER_MINI.o
 .debug_macro   0x00013fe6      0x289 ./Core/Src/DFPLAYER_MINI.o
 .debug_macro   0x0001426f      0x1cb ./Core/Src/DFPLAYER_MINI.o
 .debug_macro   0x0001443a      0x114 ./Core/Src/DFPLAYER_MINI.o
 .debug_macro   0x0001454e      0x1b2 ./Core/Src/DFPLAYER_MINI.o
 .debug_macro   0x00014700       0x27 ./Core/Src/DFPLAYER_MINI.o
 .debug_macro   0x00014727      0x136 ./Core/Src/DFPLAYER_MINI.o
 .debug_macro   0x0001485d      0x1bc ./Core/Src/DFPLAYER_MINI.o
 .debug_macro   0x00014a19       0x34 ./Core/Src/DFPLAYER_MINI.o
 .debug_macro   0x00014a4d       0x3c ./Core/Src/DFPLAYER_MINI.o
 .debug_macro   0x00014a89      0x408 ./Core/Src/DFPLAYER_MINI.o
 .debug_macro   0x00014e91       0x57 ./Core/Src/DFPLAYER_MINI.o
 .debug_macro   0x00014ee8       0x87 ./Core/Src/DFPLAYER_MINI.o
 .debug_macro   0x00014f6f      0x240 ./Core/Src/DFPLAYER_MINI.o
 .debug_macro   0x000151af       0x78 ./Core/Src/DFPLAYER_MINI.o
 .debug_macro   0x00015227      0x140 ./Core/Src/DFPLAYER_MINI.o
 .debug_macro   0x00015367      0x8ed ./Core/Src/DFPLAYER_MINI.o
 .debug_macro   0x00015c54      0x28e ./Core/Src/DFPLAYER_MINI.o
 .debug_macro   0x00015ee2       0x83 ./Core/Src/DFPLAYER_MINI.o
 .debug_macro   0x00015f65       0x61 ./Core/Src/DFPLAYER_MINI.o
 .debug_macro   0x00015fc6       0x24 ./Core/Src/DFPLAYER_MINI.o
 .debug_macro   0x00015fea       0x43 ./Core/Src/DFPLAYER_MINI.o
 .debug_macro   0x0001602d       0x34 ./Core/Src/DFPLAYER_MINI.o
 .debug_macro   0x00016061       0x16 ./Core/Src/DFPLAYER_MINI.o
 .debug_macro   0x00016077       0x3c ./Core/Src/DFPLAYER_MINI.o
 .debug_macro   0x000160b3      0x370 ./Core/Src/DFPLAYER_MINI.o
 .debug_macro   0x00016423       0x10 ./Core/Src/DFPLAYER_MINI.o
 .debug_macro   0x00016433       0x16 ./Core/Src/DFPLAYER_MINI.o
 .debug_macro   0x00016449       0x4a ./Core/Src/DFPLAYER_MINI.o
 .debug_macro   0x00016493       0x34 ./Core/Src/DFPLAYER_MINI.o
 .debug_macro   0x000164c7       0x10 ./Core/Src/DFPLAYER_MINI.o
 .debug_macro   0x000164d7       0x58 ./Core/Src/DFPLAYER_MINI.o
 .debug_macro   0x0001652f       0x8e ./Core/Src/DFPLAYER_MINI.o
 .debug_macro   0x000165bd       0x1c ./Core/Src/DFPLAYER_MINI.o
 .debug_macro   0x000165d9      0x185 ./Core/Src/DFPLAYER_MINI.o
 .debug_macro   0x0001675e       0x16 ./Core/Src/DFPLAYER_MINI.o
 .debug_macro   0x00016774       0x16 ./Core/Src/DFPLAYER_MINI.o
 .debug_macro   0x0001678a      0x146 ./Core/Src/DFPLAYER_MINI.o
 .debug_macro   0x000168d0      0x2a5 ./Core/Src/main.o
 .debug_macro   0x00016b75       0x10 ./Core/Src/main.o
 .debug_macro   0x00016b85       0x22 ./Core/Src/main.o
 .debug_macro   0x00016ba7       0x16 ./Core/Src/main.o
 .debug_macro   0x00016bbd       0x16 ./Core/Src/main.o
 .debug_macro   0x00016bd3       0x29 ./Core/Src/main.o
 .debug_macro   0x00016bfc      0x1c6 ./Core/Src/stm32f1xx_hal_msp.o
 .debug_macro   0x00016dc2      0x1d0 ./Core/Src/stm32f1xx_it.o
 .debug_macro   0x00016f92      0x1b7 ./Core/Src/system_stm32f1xx.o
 .debug_macro   0x00017149      0x1db ./Drivers/STM32F1xx_HAL_Driver/Src/stm32f1xx_hal.o
 .debug_macro   0x00017324      0x1c6 ./Drivers/STM32F1xx_HAL_Driver/Src/stm32f1xx_hal_can.o
 .debug_macro   0x000174ea      0x1b7 ./Drivers/STM32F1xx_HAL_Driver/Src/stm32f1xx_hal_cortex.o
 .debug_macro   0x000176a1      0x1b7 ./Drivers/STM32F1xx_HAL_Driver/Src/stm32f1xx_hal_dma.o
 .debug_macro   0x00017858      0x222 ./Drivers/STM32F1xx_HAL_Driver/Src/stm32f1xx_hal_gpio.o
 .debug_macro   0x00017a7a      0x1c3 ./Drivers/STM32F1xx_HAL_Driver/Src/stm32f1xx_hal_iwdg.o
 .debug_macro   0x00017c3d      0x1c9 ./Drivers/STM32F1xx_HAL_Driver/Src/stm32f1xx_hal_rcc.o
 .debug_macro   0x00017e06      0x1b8 ./Drivers/STM32F1xx_HAL_Driver/Src/stm32f1xx_hal_tim.o
 .debug_macro   0x00017fbe      0x1b7 ./Drivers/STM32F1xx_HAL_Driver/Src/stm32f1xx_hal_tim_ex.o
 .debug_macro   0x00018175      0x1b8 ./Drivers/STM32F1xx_HAL_Driver/Src/stm32f1xx_hal_uart.o

.debug_line     0x00000000     0xf60f
 .debug_line    0x00000000      0x973 ./Core/Src/DFPLAYER_MINI.o
 .debug_line    0x00000973      0xef6 ./Core/Src/main.o
 .debug_line    0x00001869      0x800 ./Core/Src/stm32f1xx_hal_msp.o
 .debug_line    0x00002069      0x7ff ./Core/Src/stm32f1xx_it.o
 .debug_line    0x00002868      0x76f ./Core/Src/system_stm32f1xx.o
 .debug_line    0x00002fd7       0x78 ./Core/Startup/startup_stm32f103c8tx.o
 .debug_line    0x0000304f      0x9a0 ./Drivers/STM32F1xx_HAL_Driver/Src/stm32f1xx_hal.o
 .debug_line    0x000039ef     0x1199 ./Drivers/STM32F1xx_HAL_Driver/Src/stm32f1xx_hal_can.o
 .debug_line    0x00004b88      0xb6a ./Drivers/STM32F1xx_HAL_Driver/Src/stm32f1xx_hal_cortex.o
 .debug_line    0x000056f2      0xdaa ./Drivers/STM32F1xx_HAL_Driver/Src/stm32f1xx_hal_dma.o
 .debug_line    0x0000649c      0x9fd ./Drivers/STM32F1xx_HAL_Driver/Src/stm32f1xx_hal_gpio.o
 .debug_line    0x00006e99      0x76f ./Drivers/STM32F1xx_HAL_Driver/Src/stm32f1xx_hal_iwdg.o
 .debug_line    0x00007608      0xe59 ./Drivers/STM32F1xx_HAL_Driver/Src/stm32f1xx_hal_rcc.o
 .debug_line    0x00008461     0x348e ./Drivers/STM32F1xx_HAL_Driver/Src/stm32f1xx_hal_tim.o
 .debug_line    0x0000b8ef     0x1864 ./Drivers/STM32F1xx_HAL_Driver/Src/stm32f1xx_hal_tim_ex.o
 .debug_line    0x0000d153     0x24bc ./Drivers/STM32F1xx_HAL_Driver/Src/stm32f1xx_hal_uart.o

.debug_str      0x00000000    0x8d415
 .debug_str     0x00000000    0x8d415 ./Core/Src/DFPLAYER_MINI.o
                              0x89adb (size before relaxing)
 .debug_str     0x0008d415    0x8a458 ./Core/Src/main.o
 .debug_str     0x0008d415    0x86b80 ./Core/Src/stm32f1xx_hal_msp.o
 .debug_str     0x0008d415    0x86803 ./Core/Src/stm32f1xx_it.o
 .debug_str     0x0008d415    0x85de5 ./Core/Src/system_stm32f1xx.o
 .debug_str     0x0008d415       0x71 ./Core/Startup/startup_stm32f103c8tx.o
 .debug_str     0x0008d415    0x86518 ./Drivers/STM32F1xx_HAL_Driver/Src/stm32f1xx_hal.o
 .debug_str     0x0008d415    0x865ed ./Drivers/STM32F1xx_HAL_Driver/Src/stm32f1xx_hal_can.o
 .debug_str     0x0008d415    0x86464 ./Drivers/STM32F1xx_HAL_Driver/Src/stm32f1xx_hal_cortex.o
 .debug_str     0x0008d415    0x8618e ./Drivers/STM32F1xx_HAL_Driver/Src/stm32f1xx_hal_dma.o
 .debug_str     0x0008d415    0x8616b ./Drivers/STM32F1xx_HAL_Driver/Src/stm32f1xx_hal_gpio.o
 .debug_str     0x0008d415    0x85eb0 ./Drivers/STM32F1xx_HAL_Driver/Src/stm32f1xx_hal_iwdg.o
 .debug_str     0x0008d415    0x86214 ./Drivers/STM32F1xx_HAL_Driver/Src/stm32f1xx_hal_rcc.o
 .debug_str     0x0008d415    0x87216 ./Drivers/STM32F1xx_HAL_Driver/Src/stm32f1xx_hal_tim.o
 .debug_str     0x0008d415    0x86a22 ./Drivers/STM32F1xx_HAL_Driver/Src/stm32f1xx_hal_tim_ex.o
 .debug_str     0x0008d415    0x86885 ./Drivers/STM32F1xx_HAL_Driver/Src/stm32f1xx_hal_uart.o

.comment        0x00000000       0x43
 .comment       0x00000000       0x43 ./Core/Src/DFPLAYER_MINI.o
                                 0x44 (size before relaxing)
 .comment       0x00000043       0x44 ./Core/Src/main.o
 .comment       0x00000043       0x44 ./Core/Src/stm32f1xx_hal_msp.o
 .comment       0x00000043       0x44 ./Core/Src/stm32f1xx_it.o
 .comment       0x00000043       0x44 ./Core/Src/system_stm32f1xx.o
 .comment       0x00000043       0x44 ./Drivers/STM32F1xx_HAL_Driver/Src/stm32f1xx_hal.o
 .comment       0x00000043       0x44 ./Drivers/STM32F1xx_HAL_Driver/Src/stm32f1xx_hal_can.o
 .comment       0x00000043       0x44 ./Drivers/STM32F1xx_HAL_Driver/Src/stm32f1xx_hal_cortex.o
 .comment       0x00000043       0x44 ./Drivers/STM32F1xx_HAL_Driver/Src/stm32f1xx_hal_dma.o
 .comment       0x00000043       0x44 ./Drivers/STM32F1xx_HAL_Driver/Src/stm32f1xx_hal_gpio.o
 .comment       0x00000043       0x44 ./Drivers/STM32F1xx_HAL_Driver/Src/stm32f1xx_hal_iwdg.o
 .comment       0x00000043       0x44 ./Drivers/STM32F1xx_HAL_Driver/Src/stm32f1xx_hal_rcc.o
 .comment       0x00000043       0x44 ./Drivers/STM32F1xx_HAL_Driver/Src/stm32f1xx_hal_tim.o
 .comment       0x00000043       0x44 ./Drivers/STM32F1xx_HAL_Driver/Src/stm32f1xx_hal_tim_ex.o
 .comment       0x00000043       0x44 ./Drivers/STM32F1xx_HAL_Driver/Src/stm32f1xx_hal_uart.o

.debug_frame    0x00000000     0x3a5c
 .debug_frame   0x00000000      0x124 ./Core/Src/DFPLAYER_MINI.o
 .debug_frame   0x00000124      0x218 ./Core/Src/main.o
 .debug_frame   0x0000033c      0x110 ./Core/Src/stm32f1xx_hal_msp.o
 .debug_frame   0x0000044c      0x174 ./Core/Src/stm32f1xx_it.o
 .debug_frame   0x000005c0       0x58 ./Core/Src/system_stm32f1xx.o
 .debug_frame   0x00000618      0x334 ./Drivers/STM32F1xx_HAL_Driver/Src/stm32f1xx_hal.o
 .debug_frame   0x0000094c      0x5a0 ./Drivers/STM32F1xx_HAL_Driver/Src/stm32f1xx_hal_can.o
 .debug_frame   0x00000eec      0x428 ./Drivers/STM32F1xx_HAL_Driver/Src/stm32f1xx_hal_cortex.o
 .debug_frame   0x00001314      0x208 ./Drivers/STM32F1xx_HAL_Driver/Src/stm32f1xx_hal_dma.o
 .debug_frame   0x0000151c      0x14c ./Drivers/STM32F1xx_HAL_Driver/Src/stm32f1xx_hal_gpio.o
 .debug_frame   0x00001668       0x5c ./Drivers/STM32F1xx_HAL_Driver/Src/stm32f1xx_hal_iwdg.o
 .debug_frame   0x000016c4      0x218 ./Drivers/STM32F1xx_HAL_Driver/Src/stm32f1xx_hal_rcc.o
 .debug_frame   0x000018dc     0x11b8 ./Drivers/STM32F1xx_HAL_Driver/Src/stm32f1xx_hal_tim.o
 .debug_frame   0x00002a94      0x638 ./Drivers/STM32F1xx_HAL_Driver/Src/stm32f1xx_hal_tim_ex.o
 .debug_frame   0x000030cc      0x944 ./Drivers/STM32F1xx_HAL_Driver/Src/stm32f1xx_hal_uart.o
 .debug_frame   0x00003a10       0x20 /Volumes/SSD/Applications/STM32CubeIDE.app/Contents/Eclipse/plugins/com.st.stm32cube.ide.mcu.externaltools.gnu-tools-for-stm32.13.3.rel1.macos64_1.0.0.202411102158/tools/bin/../lib/gcc/arm-none-eabi/13.3.1/../../../../arm-none-eabi/lib/thumb/v7-m/nofp/libc_nano.a(libc_a-memset.o)
 .debug_frame   0x00003a30       0x2c /Volumes/SSD/Applications/STM32CubeIDE.app/Contents/Eclipse/plugins/com.st.stm32cube.ide.mcu.externaltools.gnu-tools-for-stm32.13.3.rel1.macos64_1.0.0.202411102158/tools/bin/../lib/gcc/arm-none-eabi/13.3.1/../../../../arm-none-eabi/lib/thumb/v7-m/nofp/libc_nano.a(libc_a-init.o)

.debug_line_str
                0x00000000       0x55
 .debug_line_str
                0x00000000       0x55 ./Core/Startup/startup_stm32f103c8tx.o
