../Core/Src/main.c:89:6:HAL_CAN_RxFifo0MsgPendingCallback	24	static
../Core/Src/main.c:231:6:HAL_UARTEx_RxEventCallback	16	static
../Core/Src/main.c:243:6:HAL_TIM_PeriodElapsedCallback	16	static
../Core/Src/main.c:256:5:main	56	static
../Core/Src/main.c:410:6:SystemClock_Config	72	static
../Core/Src/main.c:451:13:MX_CAN_Init	8	static
../Core/Src/main.c:488:13:MX_IWDG_Init	8	static
../Core/Src/main.c:516:13:MX_TIM3_Init	32	static
../Core/Src/main.c:561:13:MX_USART2_UART_Init	8	static
../Core/Src/main.c:592:13:MX_DMA_Init	16	static
../Core/Src/main.c:610:13:MX_GPIO_Init	40	static
../Core/Src/main.c:638:6:Set_speed_can	48	static
../Core/Src/main.c:716:6:speaker_floor	24	static
../Core/Src/main.c:740:6:speaker_push_button	24	static
../Core/Src/main.c:769:6:Error_Handler	4	static,ignoring_inline_asm
