../Core/Src/main.c:75:6:HAL_CAN_RxFifo0MsgPendingCallback	16	static
../Core/Src/main.c:161:6:HAL_UARTEx_RxEventCallback	16	static
../Core/Src/main.c:169:6:HAL_TIM_PeriodElapsedCallback	16	static
../Core/Src/main.c:182:5:main	8	static
../Core/Src/main.c:320:6:SystemClock_Config	72	static
../Core/Src/main.c:361:13:MX_CAN_Init	88	static
../Core/Src/main.c:425:13:MX_IWDG_Init	8	static
../Core/Src/main.c:453:13:MX_TIM3_Init	32	static
../Core/Src/main.c:498:13:MX_USART2_UART_Init	8	static
../Core/Src/main.c:529:13:MX_DMA_Init	16	static
../Core/Src/main.c:547:13:MX_GPIO_Init	40	static
../Core/Src/main.c:574:9:speaker_floor_funtion	24	static
../Core/Src/main.c:602:6:Error_Handler	4	static,ignoring_inline_asm
